// Jest Snapshot v1, https://goo.gl/fbAQLP

exports[`<UsersList /> should render and match snapshot 1`] = `
Object {
  "asFragment": [Function],
  "baseElement": <body
    class="chakra-ui-light"
  >
    <div
      id="chakra-toast-portal"
    >
      <ul
        id="chakra-toast-manager-top"
        style="position: fixed; z-index: 5500; pointer-events: none; display: flex; flex-direction: column; margin: 0px auto;"
      />
      <ul
        id="chakra-toast-manager-top-left"
        style="position: fixed; z-index: 5500; pointer-events: none; display: flex; flex-direction: column;"
      />
      <ul
        id="chakra-toast-manager-top-right"
        style="position: fixed; z-index: 5500; pointer-events: none; display: flex; flex-direction: column;"
      />
      <ul
        id="chakra-toast-manager-bottom-left"
        style="position: fixed; z-index: 5500; pointer-events: none; display: flex; flex-direction: column;"
      />
      <ul
        id="chakra-toast-manager-bottom"
        style="position: fixed; z-index: 5500; pointer-events: none; display: flex; flex-direction: column; margin: 0px auto;"
      />
      <ul
        id="chakra-toast-manager-bottom-right"
        style="position: fixed; z-index: 5500; pointer-events: none; display: flex; flex-direction: column;"
      />
    </div>
    <div>
      <div
        class="css-j7qwjs"
      >
        <div
          class="css-cocn0m"
        >
          <div
            class="chakra-container css-1epz950"
          >
            <div
              class="css-obc5ee"
            >
              <div
                class="css-1juxs9n"
              >
                <img
                  alt=""
                  class="chakra-image css-1nbic85"
                  src="https://randomuser.me/api/portraits/women/58.jpg"
                />
              </div>
              <div
                class="css-18l19nf"
              >
                <div
                  class="css-1x1m52h"
                >
                  <div
                    class="css-0"
                  >
                    <p
                      class="chakra-text css-ty7r4z"
                    >
                      ms
                    </p>
                  </div>
                  <div
                    class="css-0"
                  >
                    <p
                      class="chakra-text css-ty7r4z"
                    >
                      Sara
                    </p>
                  </div>
                  <div
                    class="css-0"
                  >
                    <p
                      class="chakra-text css-ty7r4z"
                    >
                      Andersen
                    </p>
                  </div>
                </div>
                <p
                  class="chakra-text css-1tx38fa"
                >
                  Total posts: 
                  Loading...
                </p>
                <div
                  class="css-j7qwjs"
                >
                  <div
                    class="css-1frb2eh"
                  >
                    <button
                      class="chakra-button css-taj3dd"
                      type="button"
                    >
                      Show full profile
                    </button>
                    <button
                      class="chakra-button css-taj3dd"
                      type="button"
                    >
                      User posts
                    </button>
                  </div>
                </div>
              </div>
            </div>
          </div>
        </div>
        <div
          class="css-cocn0m"
        >
          <div
            class="chakra-container css-1epz950"
          >
            <div
              class="css-obc5ee"
            >
              <div
                class="css-1juxs9n"
              >
                <img
                  alt=""
                  class="chakra-image css-1nbic85"
                  src="https://randomuser.me/api/portraits/med/women/89.jpg"
                />
              </div>
              <div
                class="css-18l19nf"
              >
                <div
                  class="css-1x1m52h"
                >
                  <div
                    class="css-0"
                  >
                    <p
                      class="chakra-text css-ty7r4z"
                    >
                      miss
                    </p>
                  </div>
                  <div
                    class="css-0"
                  >
                    <p
                      class="chakra-text css-ty7r4z"
                    >
                      Edita
                    </p>
                  </div>
                  <div
                    class="css-0"
                  >
                    <p
                      class="chakra-text css-ty7r4z"
                    >
                      Vestering
                    </p>
                  </div>
                </div>
                <p
                  class="chakra-text css-1tx38fa"
                >
                  Total posts: 
                  Loading...
                </p>
                <div
                  class="css-j7qwjs"
                >
                  <div
                    class="css-1frb2eh"
                  >
                    <button
                      class="chakra-button css-taj3dd"
                      type="button"
                    >
                      Show full profile
                    </button>
                    <button
                      class="chakra-button css-taj3dd"
                      type="button"
                    >
                      User posts
                    </button>
                  </div>
                </div>
              </div>
            </div>
          </div>
        </div>
      </div>
    </div>
  </body>,
  "container": <div>
    <div
      class="css-j7qwjs"
    >
      <div
        class="css-cocn0m"
      >
        <div
          class="chakra-container css-1epz950"
        >
          <div
            class="css-obc5ee"
          >
            <div
              class="css-1juxs9n"
            >
              <img
                alt=""
                class="chakra-image css-1nbic85"
                src="https://randomuser.me/api/portraits/women/58.jpg"
              />
            </div>
            <div
              class="css-18l19nf"
            >
              <div
                class="css-1x1m52h"
              >
                <div
                  class="css-0"
                >
                  <p
                    class="chakra-text css-ty7r4z"
                  >
                    ms
                  </p>
                </div>
                <div
                  class="css-0"
                >
                  <p
                    class="chakra-text css-ty7r4z"
                  >
                    Sara
                  </p>
                </div>
                <div
                  class="css-0"
                >
                  <p
                    class="chakra-text css-ty7r4z"
                  >
                    Andersen
                  </p>
                </div>
              </div>
              <p
                class="chakra-text css-1tx38fa"
              >
                Total posts: 
                Loading...
              </p>
              <div
                class="css-j7qwjs"
              >
                <div
                  class="css-1frb2eh"
                >
                  <button
                    class="chakra-button css-taj3dd"
                    type="button"
                  >
                    Show full profile
                  </button>
                  <button
                    class="chakra-button css-taj3dd"
                    type="button"
                  >
                    User posts
                  </button>
                </div>
              </div>
            </div>
          </div>
        </div>
      </div>
      <div
        class="css-cocn0m"
      >
        <div
          class="chakra-container css-1epz950"
        >
          <div
            class="css-obc5ee"
          >
            <div
              class="css-1juxs9n"
            >
              <img
                alt=""
                class="chakra-image css-1nbic85"
                src="https://randomuser.me/api/portraits/med/women/89.jpg"
              />
            </div>
            <div
              class="css-18l19nf"
            >
              <div
                class="css-1x1m52h"
              >
                <div
                  class="css-0"
                >
                  <p
                    class="chakra-text css-ty7r4z"
                  >
                    miss
                  </p>
                </div>
                <div
                  class="css-0"
                >
                  <p
                    class="chakra-text css-ty7r4z"
                  >
                    Edita
                  </p>
                </div>
                <div
                  class="css-0"
                >
                  <p
                    class="chakra-text css-ty7r4z"
                  >
                    Vestering
                  </p>
                </div>
              </div>
              <p
                class="chakra-text css-1tx38fa"
              >
                Total posts: 
                Loading...
              </p>
              <div
                class="css-j7qwjs"
              >
                <div
                  class="css-1frb2eh"
                >
                  <button
                    class="chakra-button css-taj3dd"
                    type="button"
                  >
                    Show full profile
                  </button>
                  <button
                    class="chakra-button css-taj3dd"
                    type="button"
                  >
                    User posts
                  </button>
                </div>
              </div>
            </div>
          </div>
        </div>
      </div>
    </div>
  </div>,
  "debug": [Function],
  "findAllByAltText": [Function],
  "findAllByDisplayValue": [Function],
  "findAllByLabelText": [Function],
  "findAllByPlaceholderText": [Function],
  "findAllByRole": [Function],
  "findAllByTestId": [Function],
  "findAllByText": [Function],
  "findAllByTitle": [Function],
  "findByAltText": [Function],
  "findByDisplayValue": [Function],
  "findByLabelText": [Function],
  "findByPlaceholderText": [Function],
  "findByRole": [Function],
  "findByTestId": [Function],
  "findByText": [Function],
  "findByTitle": [Function],
  "getAllByAltText": [Function],
  "getAllByDisplayValue": [Function],
  "getAllByLabelText": [Function],
  "getAllByPlaceholderText": [Function],
  "getAllByRole": [Function],
  "getAllByTestId": [Function],
  "getAllByText": [Function],
  "getAllByTitle": [Function],
  "getByAltText": [Function],
  "getByDisplayValue": [Function],
  "getByLabelText": [Function],
  "getByPlaceholderText": [Function],
  "getByRole": [Function],
  "getByTestId": [Function],
  "getByText": [Function],
  "getByTitle": [Function],
  "queryAllByAltText": [Function],
  "queryAllByDisplayValue": [Function],
  "queryAllByLabelText": [Function],
  "queryAllByPlaceholderText": [Function],
  "queryAllByRole": [Function],
  "queryAllByTestId": [Function],
  "queryAllByText": [Function],
  "queryAllByTitle": [Function],
  "queryByAltText": [Function],
  "queryByDisplayValue": [Function],
  "queryByLabelText": [Function],
  "queryByPlaceholderText": [Function],
  "queryByRole": [Function],
  "queryByTestId": [Function],
  "queryByText": [Function],
  "queryByTitle": [Function],
  "rerender": [Function],
  "unmount": [Function],
}
`;
